<?xml version="1.0" encoding="utf-8" standalone="no"?>
<manifest xmlns:android="http://schemas.android.com/apk/res/android" package="com.musala.atmosphere.android.simple.webview" platformBuildVersionCode="22" platformBuildVersionName="5.1.1-1819727">
    <application android:allowBackup="true" android:debuggable="true" android:icon="@drawable/ic_launcher" android:label="@string/app_name" android:name="com.musala.atmosphere.android.inject.webviews.InjectedWebViewApplication" android:theme="@style/AppTheme">
        <activity android:label="@string/app_name" android:name=".WebViewActivity">
            <intent-filter>
                <action android:name="android.intent.action.MAIN"/>
                <category android:name="android.intent.category.LAUNCHER"/>
            </intent-filter>
        </activity>
    </application>
</manifest>
