<html>
  <head>
     <script>
       function switchBackground () {
            document.body.style.background = 'red';
            alert("Invoked!");
        }
     </script>
  </head>
  <body bgcolor="#E6E6FA">
    <div  >
     <button onclick="switchBackground()" >Switch!</button>
    </div>
  </body>
</html>